// Jest Snapshot v1, https://goo.gl/fbAQLP

exports[`matches snapshot 1`] = `
<DocumentFragment>
  <table>
    <tbody>
      <tr>
        <td
          class="Cell Cell-lit 0-0"
        />
        <td
          class="Cell Cell-lit 0-1"
        />
        <td
          class="Cell Cell-lit 0-2"
        />
        <td
          class="Cell Cell-lit 0-3"
        />
      </tr>
      <tr>
        <td
          class="Cell Cell-lit 1-0"
        />
        <td
          class="Cell Cell-lit 1-1"
        />
        <td
          class="Cell Cell-lit 1-2"
        />
        <td
          class="Cell Cell-lit 1-3"
        />
      </tr>
      <tr>
        <td
          class="Cell Cell-lit 2-0"
        />
        <td
          class="Cell Cell-lit 2-1"
        />
        <td
          class="Cell Cell-lit 2-2"
        />
        <td
          class="Cell Cell-lit 2-3"
        />
      </tr>
      <tr>
        <td
          class="Cell Cell-lit 3-0"
        />
        <td
          class="Cell Cell-lit 3-1"
        />
        <td
          class="Cell Cell-lit 3-2"
        />
        <td
          class="Cell Cell-lit 3-3"
        />
      </tr>
    </tbody>
  </table>
</DocumentFragment>
`;
